// Jest Snapshot v1, https://goo.gl/fbAQLP

exports[`<ComponentExample/> should render the headind 1`] = `
<main>
  <h1>
     React Avan√ßado 
  </h1>
</main>
`
